Testing UPLOAD_FOLDER configuration...
Configured UPLOAD_FOLDER: D:\new_project\nisa\data
